<?xml version="1.0" encoding="UTF-8"?>
<testsuites name="jest tests" tests="12" failures="0" errors="0" time="3.81">
  <testsuite name="SetsRepository" errors="0" failures="0" skipped="0" timestamp="2026-04-23T00:26:41" time="3.251" tests="6">
    <testcase classname="SetsRepository getTotal deve contar sets por organizacao" name="SetsRepository getTotal deve contar sets por organizacao" time="0.005">
    </testcase>
    <testcase classname="SetsRepository getTotal deve filtrar por profileId quando fornecido" name="SetsRepository getTotal deve filtrar por profileId quando fornecido" time="0.004">
    </testcase>
    <testcase classname="SetsRepository getSets deve buscar sets ordenados por data de criacao decrescente" name="SetsRepository getSets deve buscar sets ordenados por data de criacao decrescente" time="0.002">
    </testcase>
    <testcase classname="SetsRepository deleteSet deve deletar set por id e organizacao" name="SetsRepository deleteSet deve deletar set por id e organizacao" time="0.001">
    </testcase>
    <testcase classname="SetsRepository deleteSet deve incluir profileId no filtro quando fornecido" name="SetsRepository deleteSet deve incluir profileId no filtro quando fornecido" time="0.001">
    </testcase>
    <testcase classname="SetsRepository createSet deve fazer upsert com os dados do DTO" name="SetsRepository createSet deve fazer upsert com os dados do DTO" time="0.002">
    </testcase>
  </testsuite>
  <testsuite name="SetsService" errors="0" failures="0" skipped="0" timestamp="2026-04-23T00:26:44" time="0.462" tests="6">
    <testcase classname="SetsService getTotal deve delegar ao repository com orgId" name="SetsService getTotal deve delegar ao repository com orgId" time="0.002">
    </testcase>
    <testcase classname="SetsService getTotal deve passar profileId quando fornecido" name="SetsService getTotal deve passar profileId quando fornecido" time="0.005">
    </testcase>
    <testcase classname="SetsService getSets deve retornar os sets do repository" name="SetsService getSets deve retornar os sets do repository" time="0.001">
    </testcase>
    <testcase classname="SetsService createSet deve criar um set delegando ao repository" name="SetsService createSet deve criar um set delegando ao repository" time="0.001">
    </testcase>
    <testcase classname="SetsService createSet deve passar profileId ao criar set" name="SetsService createSet deve passar profileId ao criar set" time="0.001">
    </testcase>
    <testcase classname="SetsService deleteSet deve deletar um set pelo id" name="SetsService deleteSet deve deletar um set pelo id" time="0.001">
    </testcase>
  </testsuite>
</testsuites>